> Task :gson:generateGsonBuildConfig UP-TO-DATE

> Task :gson:compileJava
warning: [options] module name in --add-exports option not found: jdk.compiler
/home/vscode/nullness-benchmarks/gson/gson/src/main/java/com/google/gson/internal/LinkedTreeMap.java:101: error: [NullAway] dereferenced expression created is @Nullable
    V result = created.value;
                      ^
    (see http://t.uber.com/nullaway )
/home/vscode/nullness-benchmarks/gson/gson/src/main/java/com/google/gson/internal/LinkedTreeMap.java:328: error: [NullAway] dereferenced expression right is @Nullable
        Node<K, V> rightLeft = right.left;
                                    ^
    (see http://t.uber.com/nullaway )
/home/vscode/nullness-benchmarks/gson/gson/src/main/java/com/google/gson/internal/LinkedTreeMap.java:346: error: [NullAway] dereferenced expression left is @Nullable
        Node<K, V> leftLeft = left.left;
                                  ^
    (see http://t.uber.com/nullaway )
/home/vscode/nullness-benchmarks/gson/gson/src/main/java/com/google/gson/internal/LinkedTreeMap.java:383: error: [NullAway] dereferenced expression pivot is @Nullable
    Node<K, V> pivotLeft = pivot.left;
                                ^
    (see http://t.uber.com/nullaway )
/home/vscode/nullness-benchmarks/gson/gson/src/main/java/com/google/gson/internal/LinkedTreeMap.java:408: error: [NullAway] dereferenced expression pivot is @Nullable
    Node<K, V> pivotLeft = pivot.left;
                                ^
    (see http://t.uber.com/nullaway )
/home/vscode/nullness-benchmarks/gson/gson/src/main/java/com/google/gson/stream/JsonReader.java:828: error: [NullAway] returning @Nullable expression from method with @NonNull return type
    return result;
    ^
    (see http://t.uber.com/nullaway )
/home/vscode/nullness-benchmarks/gson/gson/src/main/java/com/google/gson/reflect/TypeToken.java:294: error: [NullAway] passing @Nullable parameter 'null' where @NonNull is required
        $Gson$Types.newParameterizedTypeWithOwner(null, rawType, typeArguments));
                                                  ^
    (see http://t.uber.com/nullaway )
/home/vscode/nullness-benchmarks/gson/gson/src/main/java/com/google/gson/Gson.java:434: error: [NullAway] dereferenced expression value is @Nullable
        return new AtomicLong(value.longValue());
                                   ^
    (see http://t.uber.com/nullaway )
/home/vscode/nullness-benchmarks/gson/gson/src/main/java/com/google/gson/Gson.java:456: error: [NullAway] dereferenced expression longAdapter.read(in) is @Nullable
          long value = longAdapter.read(in).longValue();
                                           ^
    (see http://t.uber.com/nullaway )
/home/vscode/nullness-benchmarks/gson/gson/src/main/java/com/google/gson/internal/reflect/UnsafeReflectionAccessor.java:60: error: [NullAway] dereferenced expression unsafeClass is @Nullable
        Method method = unsafeClass.getMethod("objectFieldOffset", Field.class);
                                   ^
    (see http://t.uber.com/nullaway )
/home/vscode/nullness-benchmarks/gson/gson/src/main/java/com/google/gson/internal/$Gson$Types.java:456: error: [NullAway] returning @Nullable expression from method with @NonNull return type
    return genericDeclaration instanceof Class ? (Class<?>) genericDeclaration : null;
    ^
    (see http://t.uber.com/nullaway )
/home/vscode/nullness-benchmarks/gson/gson/src/main/java/com/google/gson/internal/$Gson$Types.java:478: error: [NullAway] assigning @Nullable expression to @NonNull field
      this.ownerType = ownerType == null ? null : canonicalize(ownerType);
                     ^
    (see http://t.uber.com/nullaway )
/home/vscode/nullness-benchmarks/gson/gson/src/main/java/com/google/gson/internal/$Gson$Types.java:584: error: [NullAway] assigning @Nullable expression to @NonNull field
        this.lowerBound = null;
                        ^
    (see http://t.uber.com/nullaway )
/home/vscode/nullness-benchmarks/gson/gson/src/main/java/com/google/gson/internal/Streams.java:44: error: [NullAway] returning @Nullable expression from method with @NonNull return type
      return TypeAdapters.JSON_ELEMENT.read(reader);
      ^
    (see http://t.uber.com/nullaway )
/home/vscode/nullness-benchmarks/gson/gson/src/main/java/com/google/gson/internal/Streams.java:101: error: [NullAway] @NonNull field Streams$AppendableWriter$CurrentWrite.chars not initialized
      char[] chars;
             ^
    (see http://t.uber.com/nullaway )
/home/vscode/nullness-benchmarks/gson/gson/src/main/java/com/google/gson/internal/LinkedHashTreeMap.java:105: error: [NullAway] dereferenced expression created is @Nullable
    V result = created.value;
                      ^
    (see http://t.uber.com/nullaway )
/home/vscode/nullness-benchmarks/gson/gson/src/main/java/com/google/gson/internal/LinkedHashTreeMap.java:120: error: [NullAway] assigning @Nullable expression to @NonNull field
      e.next = e.prev = null;
             ^
    (see http://t.uber.com/nullaway )
/home/vscode/nullness-benchmarks/gson/gson/src/main/java/com/google/gson/internal/LinkedHashTreeMap.java:255: error: [NullAway] dereferenced expression node.prev is @Nullable
      node.prev.next = node.next;
               ^
    (see http://t.uber.com/nullaway )
/home/vscode/nullness-benchmarks/gson/gson/src/main/java/com/google/gson/internal/LinkedHashTreeMap.java:257: error: [NullAway] assigning @Nullable expression to @NonNull field
      node.next = node.prev = null; // Help the GC (for performance)
                ^
    (see http://t.uber.com/nullaway )
/home/vscode/nullness-benchmarks/gson/gson/src/main/java/com/google/gson/internal/LinkedHashTreeMap.java:355: error: [NullAway] dereferenced expression right is @Nullable
        Node<K, V> rightLeft = right.left;
                                    ^
    (see http://t.uber.com/nullaway )
/home/vscode/nullness-benchmarks/gson/gson/src/main/java/com/google/gson/internal/LinkedHashTreeMap.java:374: error: [NullAway] dereferenced expression left is @Nullable
        Node<K, V> leftRight = left.right;
                                   ^
    (see http://t.uber.com/nullaway )
/home/vscode/nullness-benchmarks/gson/gson/src/main/java/com/google/gson/internal/LinkedHashTreeMap.java:410: error: [NullAway] dereferenced expression pivot is @Nullable
    Node<K, V> pivotLeft = pivot.left;
                                ^
    (see http://t.uber.com/nullaway )
/home/vscode/nullness-benchmarks/gson/gson/src/main/java/com/google/gson/internal/LinkedHashTreeMap.java:435: error: [NullAway] dereferenced expression pivot is @Nullable
    Node<K, V> pivotLeft = pivot.left;
                                ^
    (see http://t.uber.com/nullaway )
/home/vscode/nullness-benchmarks/gson/gson/src/main/java/com/google/gson/internal/LinkedHashTreeMap.java:497: error: [NullAway] dereferenced expression prev is @Nullable
      prev.next = this;
          ^
    (see http://t.uber.com/nullaway )
/home/vscode/nullness-benchmarks/gson/gson/src/main/java/com/google/gson/internal/LinkedHashTreeMap.java:729: error: [NullAway] dereferenced expression right is @Nullable
          Node<K, V> center = right.parent;
                                   ^
    (see http://t.uber.com/nullaway )
/home/vscode/nullness-benchmarks/gson/gson/src/main/java/com/google/gson/internal/LinkedHashTreeMap.java:730: error: [NullAway] dereferenced expression center is @Nullable
          Node<K, V> left = center.parent;
                                  ^
    (see http://t.uber.com/nullaway )
/home/vscode/nullness-benchmarks/gson/gson/src/main/java/com/google/gson/internal/LinkedHashTreeMap.java:731: error: [NullAway] dereferenced expression left is @Nullable
          center.parent = left.parent;
                              ^
    (see http://t.uber.com/nullaway )
/home/vscode/nullness-benchmarks/gson/gson/src/main/java/com/google/gson/internal/LinkedHashTreeMap.java:742: error: [NullAway] dereferenced expression right is @Nullable
          Node<K, V> center = right.parent;
                                   ^
    (see http://t.uber.com/nullaway )
/home/vscode/nullness-benchmarks/gson/gson/src/main/java/com/google/gson/internal/LinkedHashTreeMap.java:745: error: [NullAway] dereferenced expression center is @Nullable
          center.right = right;
                ^
    (see http://t.uber.com/nullaway )
/home/vscode/nullness-benchmarks/gson/gson/src/main/java/com/google/gson/internal/LinkedHashTreeMap.java:757: error: [NullAway] dereferenced expression stackTop is @Nullable
      if (stackTop.parent != null) {
                  ^
    (see http://t.uber.com/nullaway )
/home/vscode/nullness-benchmarks/gson/gson/src/main/java/com/google/gson/internal/bind/TreeTypeAdapter.java:148: error: [NullAway] dereferenced expression hierarchyType is @Nullable
              : hierarchyType.isAssignableFrom(type.getRawType());
                             ^
    (see http://t.uber.com/nullaway )
/home/vscode/nullness-benchmarks/gson/gson/src/main/java/com/google/gson/internal/bind/MapTypeAdapterFactory.java:202: error: [NullAway] dereferenced expression JsonReaderInternalAccess.INSTANCE is @Nullable
          JsonReaderInternalAccess.INSTANCE.promoteNameToValue(in);
                                           ^
    (see http://t.uber.com/nullaway )
Note: Some input files use or override a deprecated API.
Note: Recompile with -Xlint:deprecation for details.
32 errors
1 warning

> Task :gson:compileJava FAILED

FAILURE: Build failed with an exception.

* What went wrong:
Execution failed for task ':gson:compileJava'.
> Compilation failed; see the compiler error output for details.

* Try:
> Run with --stacktrace option to get the stack trace.
> Run with --info or --debug option to get more log output.
> Run with --scan to get full insights.

* Get more help at https://help.gradle.org

BUILD FAILED in 4s
2 actionable tasks: 1 executed, 1 up-to-date
